TAP version 13
# Subtest: accepts only the exact launcher isolation values
ok 1 - accepts only the exact launcher isolation values
  ---
  duration_ms: 1.4354
  type: 'test'
  ...
# Subtest: renders the exact enabled read-only status
ok 2 - renders the exact enabled read-only status
  ---
  duration_ms: 0.4472
  type: 'test'
  ...
# Subtest: renders the exact disabled read-only status
ok 3 - renders the exact disabled read-only status
  ---
  duration_ms: 0.1477
  type: 'test'
  ...
# Subtest: registers one read-only Control tab and one authenticated sandbox route
ok 4 - registers one read-only Control tab and one authenticated sandbox route
  ---
  duration_ms: 1.2608
  type: 'test'
  ...
# Subtest: reads "enabled" exactly once and keeps every response stable
ok 5 - reads "enabled" exactly once and keeps every response stable
  ---
  duration_ms: 0.4925
  type: 'test'
  ...
# Subtest: reads "disabled" exactly once and keeps every response stable
ok 6 - reads "disabled" exactly once and keeps every response stable
  ---
  duration_ms: 0.6573
  type: 'test'
  ...
# Subtest: reads missing exactly once and keeps every response stable
ok 7 - reads missing exactly once and keeps every response stable
  ---
  duration_ms: 0.4355
  type: 'test'
  ...
# Subtest: reads "" exactly once and keeps every response stable
ok 8 - reads "" exactly once and keeps every response stable
  ---
  duration_ms: 0.2525
  type: 'test'
  ...
# Subtest: reads "invalid" exactly once and keeps every response stable
ok 9 - reads "invalid" exactly once and keeps every response stable
  ---
  duration_ms: 0.3347
  type: 'test'
  ...
# Subtest: reads "ENABLED" exactly once and keeps every response stable
ok 10 - reads "ENABLED" exactly once and keeps every response stable
  ---
  duration_ms: 0.3578
  type: 'test'
  ...
# Subtest: reads " enabled " exactly once and keeps every response stable
ok 11 - reads " enabled " exactly once and keeps every response stable
  ---
  duration_ms: 0.2516
  type: 'test'
  ...
# Subtest: fails closed for missing with no status, command, or copy control
ok 12 - fails closed for missing with no status, command, or copy control
  ---
  duration_ms: 1.206
  type: 'test'
  ...
# Subtest: renderer rejects missing
ok 13 - renderer rejects missing
  ---
  duration_ms: 0.7585
  type: 'test'
  ...
# Subtest: fails closed for "" with no status, command, or copy control
ok 14 - fails closed for "" with no status, command, or copy control
  ---
  duration_ms: 0.2382
  type: 'test'
  ...
# Subtest: renderer rejects ""
ok 15 - renderer rejects ""
  ---
  duration_ms: 0.08
  type: 'test'
  ...
# Subtest: fails closed for "invalid" with no status, command, or copy control
ok 16 - fails closed for "invalid" with no status, command, or copy control
  ---
  duration_ms: 0.1374
  type: 'test'
  ...
# Subtest: renderer rejects "invalid"
ok 17 - renderer rejects "invalid"
  ---
  duration_ms: 0.0748
  type: 'test'
  ...
# Subtest: fails closed for "ENABLED" with no status, command, or copy control
ok 18 - fails closed for "ENABLED" with no status, command, or copy control
  ---
  duration_ms: 0.1684
  type: 'test'
  ...
# Subtest: renderer rejects "ENABLED"
ok 19 - renderer rejects "ENABLED"
  ---
  duration_ms: 0.1728
  type: 'test'
  ...
# Subtest: fails closed for " enabled " with no status, command, or copy control
ok 20 - fails closed for " enabled " with no status, command, or copy control
  ---
  duration_ms: 0.0809
  type: 'test'
  ...
# Subtest: renderer rejects " enabled "
ok 21 - renderer rejects " enabled "
  ---
  duration_ms: 0.0741
  type: 'test'
  ...
1..21
# tests 21
# suites 0
# pass 21
# fail 0
# cancelled 0
# skipped 0
# todo 0
# duration_ms 172.9231
